// Vitest Snapshot v1, https://vitest.dev/guide/snapshot.html

exports[`Simple Render Tests > matches the snapshot 1`] = `
<div>
  <nav
    class="navbar navbar-expand-lg bg-body-tertiary"
  >
    <div
      class="container-fluid"
    >
      <a
        aria-current="page"
        class="active navbar-brand ms-3"
        data-testid="home-nav-button"
        href="/"
      >
        Jobly ðŸ’¼
      </a>
      <button
        aria-controls="navbarSupportedContent"
        aria-expanded="false"
        aria-label="Toggle navigation"
        class="navbar-toggler"
        data-bs-target="#navbarSupportedContent"
        data-bs-toggle="collapse"
        type="button"
      >
        <span
          class="navbar-toggler-icon"
        />
      </button>
      <div
        class="collapse navbar-collapse"
        id="navbarSupportedContent"
      >
        <ul
          class="navbar-nav ms-auto mb-2 mb-lg-0"
        >
          <li
            class="nav-item mx-5"
          >
            <a
              class=""
              data-testid="companies-nav-button"
              href="/companies"
            >
              Companies
            </a>
          </li>
          <li
            class="nav-item mx-5"
          >
            <a
              class=""
              data-testid="jobs-nav-button"
              href="/jobs"
            >
              Jobs
            </a>
          </li>
        </ul>
      </div>
    </div>
  </nav>
</div>
`;
