// Vitest Snapshot v1, https://vitest.dev/guide/snapshot.html

exports[`Simple Render Tests > matches the snapshot 1`] = `
<div>
  <div
    class="home card"
  >
    <h1>
      Jobly ðŸ’¼
    </h1>
    <p>
      All the jobs in one convenient place.
    </p>
    <p>
      So what are you waiting for? Find your next dream job here!
    </p>
  </div>
</div>
`;
