// Vitest Snapshot v1, https://vitest.dev/guide/snapshot.html

exports[`Simple Render Tests > matches the snapshot 1`] = `
<div>
  <div
    class="search-bar"
  >
    <form
      action="GET"
      class="search-bar-form"
    >
      <input
        data-testid="search-bar-input"
        placeholder="Enter a search term..."
        type="text"
        value=""
      />
      <button
        class="btn btn-primary"
        data-testid="search-bar-submit"
        type="submit"
      >
        Search
      </button>
    </form>
  </div>
</div>
`;
