// Vitest Snapshot v1, https://vitest.dev/guide/snapshot.html

exports[`Simple Render Tests > matches the snapshot 1`] = `
<div>
  <div
    class="spinner d-flex align-items-center"
  >
    <div
      aria-hidden="true"
      class="spinner-border me-3 text-light"
    />
    <strong
      class="text-light"
      role="status"
    >
      Loading...
    </strong>
  </div>
</div>
`;
